[skydaygame.com/index.html]
[backblue.gif]
[fade.gif]
[index.html]
[skydaygame.com/index-2.html]
[skydaygame.com/maxcdn.bootstrapcdn.com/bootstrap/3.3.7/css/bootstrap.min.html]
[skydaygame.com/css/rawline.css]
[skydaygame.com/ajax/libs/font-awesome/6.0.0-beta2/css/all.min.html]
[skydaygame.com/assets/reset.html]
[skydaygame.com/assets/index.css]
[cdn.akamai.steamstatic.com/steam/apps/1280080/ss_6e74dcebafa749b6533768becf770c8a3dd5eb57.600x338d05c.jpg]
[cdn.akamai.steamstatic.com/steam/apps/1280080/ss_51b2b116f1e11b3fece97edb24f7a3f1329a5024.600x338d05c.jpg]
[cdn.akamai.steamstatic.com/steam/apps/1280080/ss_70f4454c3aac5e08af021ba6c20dd7df7038d520.600x338d05c.jpg]
[skydaygame.com/index.html]
[skydaygame.com/index-2.html]
[skydaygame.com/maxcdn.bootstrapcdn.com/bootstrap/3.3.7/css/bootstrap.min.html]
[skydaygame.com/css/rawline.css]
[skydaygame.com/ajax/libs/font-awesome/6.0.0-beta2/css/all.min.html]
[skydaygame.com/assets/reset.html]
[skydaygame.com/assets/images/bg.jpg]
[skydaygame.com/assets/index.css]
